// Jest Snapshot v1, https://goo.gl/fbAQLP

exports[`should test the Filters Component should render the component 1`] = `
<form
  className="makeStyles-form-1"
>
  <ForwardRef(InputLabel)
    id="colorFilterLabel"
  >
    Color
  </ForwardRef(InputLabel)>
  <ForwardRef(FormControl)
    className="makeStyles-formControl-2"
    variant="outlined"
  >
    <ForwardRef(Select)
      className="makeStyles-option-3"
      displayEmpty={true}
      id="colorFilterSelect"
      labelId="colorFilterLabel"
      onChange={[Function]}
      value=""
    >
      <ForwardRef(MenuItem)
        value=""
      >
        <span>
          All Car Colors
        </span>
      </ForwardRef(MenuItem)>
      <ForwardRef(MenuItem)
        className="makeStyles-option-3"
        key="red"
        value="red"
      >
        red
      </ForwardRef(MenuItem)>
      <ForwardRef(MenuItem)
        className="makeStyles-option-3"
        key="blue"
        value="blue"
      >
        blue
      </ForwardRef(MenuItem)>
      <ForwardRef(MenuItem)
        className="makeStyles-option-3"
        key="green"
        value="green"
      >
        green
      </ForwardRef(MenuItem)>
      <ForwardRef(MenuItem)
        className="makeStyles-option-3"
        key="black"
        value="black"
      >
        black
      </ForwardRef(MenuItem)>
      <ForwardRef(MenuItem)
        className="makeStyles-option-3"
        key="yellow"
        value="yellow"
      >
        yellow
      </ForwardRef(MenuItem)>
      <ForwardRef(MenuItem)
        className="makeStyles-option-3"
        key="white"
        value="white"
      >
        white
      </ForwardRef(MenuItem)>
      <ForwardRef(MenuItem)
        className="makeStyles-option-3"
        key="silver"
        value="silver"
      >
        silver
      </ForwardRef(MenuItem)>
    </ForwardRef(Select)>
  </ForwardRef(FormControl)>
  <ForwardRef(InputLabel)
    id="manufacturerFilterLabel"
  >
    Manufacturer
  </ForwardRef(InputLabel)>
  <ForwardRef(FormControl)
    className="makeStyles-formControl-2"
    variant="outlined"
  >
    <ForwardRef(Select)
      className="makeStyles-option-3"
      displayEmpty={true}
      id="manufacturerFilterSelect"
      labelId="manufacturerFilterLabel"
      onChange={[Function]}
      value=""
    >
      <ForwardRef(MenuItem)
        value=""
      >
        <span>
          All Manufacturers
        </span>
      </ForwardRef(MenuItem)>
      <ForwardRef(MenuItem)
        className="makeStyles-option-3"
        key="Audi"
        value="Audi"
      >
        Audi
      </ForwardRef(MenuItem)>
    </ForwardRef(Select)>
  </ForwardRef(FormControl)>
  <ForwardRef(Button)
    className="makeStyles-filterButton-4"
    color="primary"
    fullWidth={false}
    id="filterButton"
    onClick={[Function]}
    type="submit"
    variant="contained"
  >
    Filter
  </ForwardRef(Button)>
</form>
`;
