// Jest Snapshot v1, https://goo.gl/fbAQLP

exports[`should test the App Component should render the component 1`] = `
<Fragment>
  <Header />
  <main
    id="content"
  >
    <Suspense
      fallback={<ForwardRef(LinearProgress) />}
    >
      <Switch>
        <Route
          component={
            Object {
              "$$typeof": Symbol(react.lazy),
              "_init": [Function],
              "_payload": Object {
                "_result": [Function],
                "_status": -1,
              },
            }
          }
          exact={true}
          path="/"
        />
        <Route
          component={
            Object {
              "$$typeof": Symbol(react.lazy),
              "_init": [Function],
              "_payload": Object {
                "_result": [Function],
                "_status": -1,
              },
            }
          }
          exact={true}
          path="/details/:id"
        />
        <Route
          path="*"
        >
          <lazy />
        </Route>
      </Switch>
    </Suspense>
  </main>
  <Footer />
</Fragment>
`;
